router_eligible_device_app.c:241:6:IncreaseCounter	8	static
router_eligible_device_app.c:1546:13:i2c_release_bus_delay	0	static
router_eligible_device_app.c:588:13:APP_ThrNwkJoin	8	static
router_eligible_device_app.c:860:13:APP_JoinEventsHandler	8	static
router_eligible_device_app.c:606:13:App_JoinTimerCallback	8	static
router_eligible_device_app.c:741:13:APP_AppModeHandleKeyboard	8	static
router_eligible_device_app.c:836:13:App_UpdateStateLeds	8	static
router_eligible_device_app.c:627:13:APP_ConfigModeSwShortPressHandler	8	static
router_eligible_device_app.c:698:13:APP_ConfigModeHandleKeyboard	8	static
router_eligible_device_app.c:810:13:App_HandleKeyboard	8	static
router_eligible_device_app.c:1463:13:App_RestoreLeaderLed	8	static
router_eligible_device_app.c:1196:13:APP_LocalDataSinkRelease	24	static
router_eligible_device_app.c:995:20:APP_SendDataSinkCommand	32	static
router_eligible_device_app.c:1046:13:APP_SendDataSinkRelease	24	static
router_eligible_device_app.c:908:13:APP_CoapGenericCallback	8	static
router_eligible_device_app.c:1424:13:APP_CoapSinkCb	16	static
router_eligible_device_app.c:1249:13:APP_ProcessLedCmd	24	static
router_eligible_device_app.c:1070:13:APP_SendLedCommand	24	static
router_eligible_device_app.c:1178:13:APP_SendLedColorWheel	32	static
router_eligible_device_app.c:1161:13:APP_SendLedFlash	16	static
router_eligible_device_app.c:1144:13:APP_SendLedRgbOff	40	static
router_eligible_device_app.c:1219:13:APP_CoapLedCb	16	static
router_eligible_device_app.c:1113:13:APP_SendLedRgbOn	56	static
router_eligible_device_app.c:946:13:APP_ReportTemp	24	static
router_eligible_device_app.c:1024:13:APP_SendDataSinkCreate	16	static
router_eligible_device_app.c:558:13:APP_InitCoapDemo	96	static
router_eligible_device_app.c:1770:13:APP_CoapAccelCb	72	static
router_eligible_device_app.c:1472:13:APP_CoapTeam3Cb	64	static
router_eligible_device_app.c:1353:13:APP_CoapTempCb	88	static
router_eligible_device_app.c:1606:13:Timer_Init	48	static
router_eligible_device_app.c:1632:13:Board_UpdatePwm	16	static
router_eligible_device_app.c:247:6:APP_Init	8	static
router_eligible_device_app.c:314:6:APP_Handler	8	static
router_eligible_device_app.c:339:6:APP_NwkScanHandler	16	static
router_eligible_device_app.c:365:6:Stack_to_APP_Handler	16	static
router_eligible_device_app.c:473:6:APP_Commissioning_Handler	72	static
router_eligible_device_app.c:542:6:App_RestoreLeaderLedCb	8	static
router_eligible_device_app.c:1555:6:BOARD_I2C_ReleaseBus	24	static
router_eligible_device_app.c:1639:5:main	104	static
