router_eligible_device_app.c:262:6:IncreaseCounter	8	static
router_eligible_device_app.c:1622:13:i2c_release_bus_delay	0	static
router_eligible_device_app.c:677:13:APP_ThrNwkJoin	8	static
router_eligible_device_app.c:949:13:APP_JoinEventsHandler	8	static
router_eligible_device_app.c:695:13:App_JoinTimerCallback	8	static
router_eligible_device_app.c:830:13:APP_AppModeHandleKeyboard	8	static
router_eligible_device_app.c:925:13:App_UpdateStateLeds	8	static
router_eligible_device_app.c:716:13:APP_ConfigModeSwShortPressHandler	8	static
router_eligible_device_app.c:787:13:APP_ConfigModeHandleKeyboard	8	static
router_eligible_device_app.c:899:13:App_HandleKeyboard	8	static
router_eligible_device_app.c:1552:13:App_RestoreLeaderLed	8	static
router_eligible_device_app.c:1285:13:APP_LocalDataSinkRelease	24	static
router_eligible_device_app.c:1084:20:APP_SendDataSinkCommand	32	static
router_eligible_device_app.c:1135:13:APP_SendDataSinkRelease	24	static
router_eligible_device_app.c:997:13:APP_CoapGenericCallback	8	static
router_eligible_device_app.c:1513:13:APP_CoapSinkCb	16	static
router_eligible_device_app.c:1338:13:APP_ProcessLedCmd	24	static
router_eligible_device_app.c:1159:13:APP_SendLedCommand	24	static
router_eligible_device_app.c:1267:13:APP_SendLedColorWheel	32	static
router_eligible_device_app.c:1250:13:APP_SendLedFlash	16	static
router_eligible_device_app.c:1233:13:APP_SendLedRgbOff	40	static
router_eligible_device_app.c:1308:13:APP_CoapLedCb	16	static
router_eligible_device_app.c:1202:13:APP_SendLedRgbOn	56	static
router_eligible_device_app.c:1035:13:APP_ReportTemp	24	static
router_eligible_device_app.c:1113:13:APP_SendDataSinkCreate	16	static
router_eligible_device_app.c:647:13:APP_InitCoapDemo	96	static
router_eligible_device_app.c:1561:13:APP_CoapTeam3Cb	72	static
router_eligible_device_app.c:1442:13:APP_CoapTempCb	88	static
router_eligible_device_app.c:1709:13:Board_UpdatePwm	16	static
router_eligible_device_app.c:403:6:APP_Handler	8	static
router_eligible_device_app.c:428:6:APP_NwkScanHandler	16	static
router_eligible_device_app.c:454:6:Stack_to_APP_Handler	16	static
router_eligible_device_app.c:562:6:APP_Commissioning_Handler	72	static
router_eligible_device_app.c:631:6:App_RestoreLeaderLedCb	8	static
router_eligible_device_app.c:1631:6:BOARD_I2C_ReleaseBus	24	static
router_eligible_device_app.c:1683:6:Timer_Init	48	static
router_eligible_device_app.c:1716:12:bubble	56	static
router_eligible_device_app.c:1830:13:APP_CoapAccelCb	128	static
router_eligible_device_app.c:1792:6:BOARD_I2C_ConfigurePins	0	static
router_eligible_device_app.c:1813:6:BOARD_InitDebugConsole	8	static
router_eligible_device_app.c:268:6:APP_Init	32	static
