router_eligible_device_app.c:262:6:IncreaseCounter	8	static
router_eligible_device_app.c:1621:13:i2c_release_bus_delay	0	static
router_eligible_device_app.c:676:13:APP_ThrNwkJoin	8	static
router_eligible_device_app.c:948:13:APP_JoinEventsHandler	8	static
router_eligible_device_app.c:694:13:App_JoinTimerCallback	8	static
router_eligible_device_app.c:829:13:APP_AppModeHandleKeyboard	8	static
router_eligible_device_app.c:924:13:App_UpdateStateLeds	8	static
router_eligible_device_app.c:715:13:APP_ConfigModeSwShortPressHandler	8	static
router_eligible_device_app.c:786:13:APP_ConfigModeHandleKeyboard	8	static
router_eligible_device_app.c:898:13:App_HandleKeyboard	8	static
router_eligible_device_app.c:1551:13:App_RestoreLeaderLed	8	static
router_eligible_device_app.c:1284:13:APP_LocalDataSinkRelease	24	static
router_eligible_device_app.c:1083:20:APP_SendDataSinkCommand	32	static
router_eligible_device_app.c:1134:13:APP_SendDataSinkRelease	24	static
router_eligible_device_app.c:996:13:APP_CoapGenericCallback	8	static
router_eligible_device_app.c:1512:13:APP_CoapSinkCb	16	static
router_eligible_device_app.c:1337:13:APP_ProcessLedCmd	24	static
router_eligible_device_app.c:1158:13:APP_SendLedCommand	24	static
router_eligible_device_app.c:1266:13:APP_SendLedColorWheel	32	static
router_eligible_device_app.c:1249:13:APP_SendLedFlash	16	static
router_eligible_device_app.c:1232:13:APP_SendLedRgbOff	40	static
router_eligible_device_app.c:1307:13:APP_CoapLedCb	16	static
router_eligible_device_app.c:1201:13:APP_SendLedRgbOn	56	static
router_eligible_device_app.c:1034:13:APP_ReportTemp	24	static
router_eligible_device_app.c:1112:13:APP_SendDataSinkCreate	16	static
router_eligible_device_app.c:646:13:APP_InitCoapDemo	96	static
router_eligible_device_app.c:1560:13:APP_CoapTeam3Cb	72	static
router_eligible_device_app.c:1441:13:APP_CoapTempCb	88	static
router_eligible_device_app.c:1708:13:Board_UpdatePwm	16	static
router_eligible_device_app.c:402:6:APP_Handler	8	static
router_eligible_device_app.c:427:6:APP_NwkScanHandler	16	static
router_eligible_device_app.c:453:6:Stack_to_APP_Handler	16	static
router_eligible_device_app.c:561:6:APP_Commissioning_Handler	72	static
router_eligible_device_app.c:630:6:App_RestoreLeaderLedCb	8	static
router_eligible_device_app.c:1630:6:BOARD_I2C_ReleaseBus	24	static
router_eligible_device_app.c:1682:6:Timer_Init	48	static
router_eligible_device_app.c:1715:12:bubble	56	static
router_eligible_device_app.c:1829:13:APP_CoapAccelCb	128	static
router_eligible_device_app.c:1791:6:BOARD_I2C_ConfigurePins	0	static
router_eligible_device_app.c:1812:6:BOARD_InitDebugConsole	8	static
router_eligible_device_app.c:267:6:APP_Init	32	static
