mac_abs_802154.c:1317:29:MAC_MlmeResetReq	0	static
mac_abs_802154.c:1987:13:MAC_AllowBroadcast	0	static
mac_abs_802154.c:1969:15:MAC_PhyConvertLQIToRSSI	8	static
mac_abs_802154.c:1950:15:MAC_PhyRemoveFromNeighborTable	8	static
mac_abs_802154.c:1929:15:MAC_PhyAddToNeighborTable	8	static
mac_abs_802154.c:1629:15:MAC_SetPib	72	static
mac_abs_802154.c:383:15:MAC_SetBeaconSourceExtendedAddress	16	static
mac_abs_802154.c:1853:15:MAC_SetFrameCounter	16	static
mac_abs_802154.c:1671:15:MAC_SetPibUint8Val	16	static
mac_abs_802154.c:713:13:MAC_SetNeighborSecurity	32	static
mac_abs_802154.c:600:13:MAC_SetPanSecurity	56	static
mac_abs_802154.c:524:15:MAC_SetRxOnWhenIdle	16	static
mac_abs_802154.c:485:15:MAC_SetChannel	16	static
mac_abs_802154.c:424:15:MAC_SetKey	48	static
mac_abs_802154.c:364:15:MAC_SetExtendedAddress	16	static
mac_abs_802154.c:323:15:MAC_SetShortAddress	16	static
mac_abs_802154.c:285:15:MAC_SetPANId	16	static
mac_abs_802154.c:1650:15:MAC_GetPib	72	static
mac_abs_802154.c:1897:15:MAC_GetNeighborFrameCounter	16	static
mac_abs_802154.c:1872:17:MAC_GetFrameCounter	16	static
mac_abs_802154.c:542:15:MAC_GetRxOnWhenIdle	16	static
mac_abs_802154.c:502:16:MAC_GetChannel	16	static
mac_abs_802154.c:459:15:MAC_GetKey	24	static
mac_abs_802154.c:401:17:MAC_GetExtendedAddress	16	static
mac_abs_802154.c:341:17:MAC_GetShortAddress	16	static
mac_abs_802154.c:301:17:MAC_GetPANId	16	static
mac_abs_802154.c:1251:27:MAC_MlmeSetReq	80	static
mac_abs_802154.c:267:13:MAC_SetMlmeCallbacks	8	static
mac_abs_802154.c:563:17:MAC_GetMaxMsduSize	64	static
mac_abs_802154.c:1335:28:MAC_MlmeScanReq	24	static
mac_abs_802154.c:1409:29:MAC_MlmeStartReq	16	static
mac_abs_802154.c:1270:29:MAC_MlmeGetReq	88	static
mac_abs_802154.c:1559:13:MAC_MlmeScanCnfCB	16	static
mac_abs_802154.c:1075:13:MAC_McpsPurgeCnfCB	8	static
mac_abs_802154.c:1453:13:MAC_MlmePollReq	32	static
mac_abs_802154.c:1218:27:MAC_McpsPurgeReq	16	static
mac_abs_802154.c:1092:27:MAC_McpsDataReq	32	static
mac_abs_802154.c:1513:13:MAC_MlmeBeaconNotifyIndCB	32	static
mac_abs_802154.c:1687:13:MAC_MlmeCommStatusIndCB	32	static
mac_abs_802154.c:1793:13:MAC_MlmePollCnfCB	16	static
mac_abs_802154.c:1015:13:MAC_McpsDataCnfCB	32	static
mac_abs_802154.c:1765:13:MAC_MlmePollIndCB	24	static
mac_abs_802154.c:830:21:MLME_NWK_SapHandlerCB	8	static
mac_abs_802154.c:756:21:MCPS_NWK_SapHandlerCB	16	static
mac_abs_802154.c:878:13:MAC_McpsDataIndCB	56	static
mac_abs_802154.c:792:13:MCPS_NWK_SapHandlerInternal	8	static
mac_abs_802154.c:238:19:MAC_RegisterAbsCb_802154	8	static
